{arguments(predicateA,y), arguments(predicateB,y)}
