{pred2(0,a,b), pred2(1,aa,bb), pred1(0,xx,yy,zz), pred1(0,x,y,z), pred1(1,xx,yy,zz), pred1(1,x,y,z), answersets(0,0), answersets(0,1), answer(0)}
